Component: ARM Compiler 5.06 update 6 (build 750) Tool: armlink [4d35ed]

==============================================================================

Section Cross References

    main.o(i.Hallsense) refers to aeabi_sdiv.o(.text) for __aeabi_idivmod
    main.o(i.Hallsense) refers to main.o(.data) for hall_count
    main.o(i.Send_String) refers to queue.o(i.Q_Full) for Q_Full
    main.o(i.Send_String) refers to queue.o(i.Q_Enqueue) for Q_Enqueue
    main.o(i.Send_String) refers to queue.o(i.Q_Dequeue) for Q_Dequeue
    main.o(i.Send_String) refers to main.o(.bss) for TxQ
    main.o(i.SysTick_Handler) refers to main.o(i.Hallsense) for Hallsense
    main.o(i.SysTick_Handler) refers to main.o(i.Send_String) for Send_String
    main.o(i.SysTick_Handler) refers to lcddisp.o(i.lcd_display) for lcd_display
    main.o(i.SysTick_Handler) refers to main.o(i.doTxRx_task) for doTxRx_task
    main.o(i.SysTick_Handler) refers to main.o(.data) for micro
    main.o(i.TPM2_IRQHandler) refers to main.o(i.motor_ctrl) for motor_ctrl
    main.o(i.UART0_IRQHandler) refers to queue.o(i.Q_Full) for Q_Full
    main.o(i.UART0_IRQHandler) refers to queue.o(i.Q_Enqueue) for Q_Enqueue
    main.o(i.UART0_IRQHandler) refers to queue.o(i.Q_Empty) for Q_Empty
    main.o(i.UART0_IRQHandler) refers to queue.o(i.Q_Dequeue) for Q_Dequeue
    main.o(i.UART0_IRQHandler) refers to main.o(.data) for rxChar
    main.o(i.UART0_IRQHandler) refers to main.o(.bss) for RxQ
    main.o(i.doTxRx_task) refers to _printf_percent.o(.ARM.Collect$$_printf_percent$$00000000) for _printf_percent
    main.o(i.doTxRx_task) refers to _printf_c.o(.ARM.Collect$$_printf_percent$$00000013) for _printf_c
    main.o(i.doTxRx_task) refers to _printf_str.o(.text) for _printf_str
    main.o(i.doTxRx_task) refers to queue.o(i.Q_Size) for Q_Size
    main.o(i.doTxRx_task) refers to queue.o(i.Q_Dequeue) for Q_Dequeue
    main.o(i.doTxRx_task) refers to noretval__2sprintf.o(.text) for __2sprintf
    main.o(i.doTxRx_task) refers to queue.o(i.Q_Full) for Q_Full
    main.o(i.doTxRx_task) refers to queue.o(i.Q_Enqueue) for Q_Enqueue
    main.o(i.doTxRx_task) refers to main.o(.bss) for RxQ
    main.o(i.initialize) refers to pinset.o(i.pinset) for pinset
    main.o(i.initialize) refers to lcddisp.o(i.init_lcd) for init_lcd
    main.o(i.initialize) refers to pwm.o(i.init_tpm) for init_tpm
    main.o(i.initialize) refers to uart.o(i.init_UART0) for init_UART0
    main.o(i.initialize) refers to queue.o(i.Q_Init) for Q_Init
    main.o(i.initialize) refers to main.o(.bss) for TxQ
    main.o(i.initialize) refers to main.o(.data) for rxChar
    main.o(i.main) refers to _printf_percent.o(.ARM.Collect$$_printf_percent$$00000000) for _printf_percent
    main.o(i.main) refers to _printf_d.o(.ARM.Collect$$_printf_percent$$00000009) for _printf_d
    main.o(i.main) refers to _printf_dec.o(.text) for _printf_int_dec
    main.o(i.main) refers to main.o(i.initialize) for initialize
    main.o(i.main) refers to main.o(i.Send_String) for Send_String
    main.o(i.main) refers to noretval__2sprintf.o(.text) for __2sprintf
    main.o(i.main) refers to main.o(.data) for buff
    main.o(i.motor_ctrl) refers to aeabi_sdiv.o(.text) for __aeabi_idivmod
    main.o(i.motor_ctrl) refers to main.o(.data) for rxChar
    main.o(i.speed_ctrl) refers to aeabi_sdiv.o(.text) for __aeabi_idivmod
    main.o(i.speed_ctrl) refers to main.o(.data) for tpmval
    pwm.o(i.init_tpm) refers to pwm.o(i.tpmpin) for tpmpin
    pwm.o(i.init_tpm) refers to pwm.o(i.__NVIC_SetPriority) for __NVIC_SetPriority
    pwm.o(i.tpmpin) refers to pwm.o(i.__ARM_common_switch8) for __ARM_common_switch8
    uart.o(i.init_UART0) refers to uart.o(i.__NVIC_SetPriority) for __NVIC_SetPriority
    pinset.o(i.pinset) refers to pinset.o(i.portenable) for portenable
    pinset.o(i.pinset) refers to pinset.o(i.pinstart) for pinstart
    pinset.o(i.pinstart) refers to pwm.o(i.__ARM_common_switch8) for __ARM_common_switch8
    pinset.o(i.pinstate) refers to pwm.o(i.__ARM_common_switch8) for __ARM_common_switch8
    pinset.o(i.pintoggle) refers to pwm.o(i.__ARM_common_switch8) for __ARM_common_switch8
    pinset.o(i.portenable) refers to pwm.o(i.__ARM_common_switch8) for __ARM_common_switch8
    queue.o(i.Q_Dequeue) refers to queue.o(i.Q_Empty) for Q_Empty
    queue.o(i.Q_Enqueue) refers to queue.o(i.Q_Full) for Q_Full
    lcddisp.o(i.init_lcd) refers to lcddisp.o(i.lcd_initialize) for lcd_initialize
    lcddisp.o(i.init_lcd) refers to lcddisp.o(i.lcd_init) for lcd_init
    lcddisp.o(i.init_lcd) refers to lcddisp.o(i.lcd_clear) for lcd_clear
    lcddisp.o(i.lcd_clear) refers to lcddisp.o(i.lcd_write_instruc) for lcd_write_instruc
    lcddisp.o(i.lcd_display) refers to lcddisp.o(i.lcd_goto) for lcd_goto
    lcddisp.o(i.lcd_display) refers to lcddisp.o(i.lcd_write_string) for lcd_write_string
    lcddisp.o(i.lcd_goto) refers to lcddisp.o(i.lcd_write_instruc) for lcd_write_instruc
    lcddisp.o(i.lcd_init) refers to lcddisp.o(i.lcd_write_instruc) for lcd_write_instruc
    lcddisp.o(i.lcd_initialize) refers to pinset.o(i.pinset) for pinset
    lcddisp.o(i.lcd_write_data) refers to pinset.o(i.pinstate) for pinstate
    lcddisp.o(i.lcd_write_data) refers to rt_memclr.o(.text) for __aeabi_memclr4
    lcddisp.o(i.lcd_write_data) refers to lcddisp.o(i.print_bits) for print_bits
    lcddisp.o(i.lcd_write_instruc) refers to pinset.o(i.pinstate) for pinstate
    lcddisp.o(i.lcd_write_instruc) refers to rt_memclr.o(.text) for __aeabi_memclr4
    lcddisp.o(i.lcd_write_instruc) refers to lcddisp.o(i.print_bits) for print_bits
    lcddisp.o(i.lcd_write_string) refers to lcddisp.o(i.lcd_write_data) for lcd_write_data
    startup_mkl25z4.o(STACK) refers (Special) to heapauxi.o(.text) for __use_two_region_memory
    startup_mkl25z4.o(HEAP) refers (Special) to heapauxi.o(.text) for __use_two_region_memory
    startup_mkl25z4.o(RESET) refers (Special) to heapauxi.o(.text) for __use_two_region_memory
    startup_mkl25z4.o(RESET) refers to startup_mkl25z4.o(STACK) for __initial_sp
    startup_mkl25z4.o(RESET) refers to startup_mkl25z4.o(.text) for Reset_Handler
    startup_mkl25z4.o(RESET) refers to main.o(i.SysTick_Handler) for SysTick_Handler
    startup_mkl25z4.o(RESET) refers to main.o(i.UART0_IRQHandler) for UART0_IRQHandler
    startup_mkl25z4.o(RESET) refers to main.o(i.TPM2_IRQHandler) for TPM2_IRQHandler
    startup_mkl25z4.o(.ARM.__at_0x400) refers (Special) to heapauxi.o(.text) for __use_two_region_memory
    startup_mkl25z4.o(.text) refers (Special) to heapauxi.o(.text) for __use_two_region_memory
    startup_mkl25z4.o(.text) refers to system_mkl25z4.o(i.SystemInit) for SystemInit
    startup_mkl25z4.o(.text) refers to __main.o(!!!main) for __main
    startup_mkl25z4.o(.text) refers to startup_mkl25z4.o(HEAP) for Heap_Mem
    startup_mkl25z4.o(.text) refers to startup_mkl25z4.o(STACK) for Stack_Mem
    system_mkl25z4.o(i.SystemCoreClockUpdate) refers to aeabi_sdiv.o(.text) for __aeabi_uidivmod
    system_mkl25z4.o(i.SystemCoreClockUpdate) refers to pwm.o(i.__ARM_common_switch8) for __ARM_common_switch8
    system_mkl25z4.o(i.SystemCoreClockUpdate) refers to system_mkl25z4.o(.data) for SystemCoreClock
    __2sprintf.o(.text) refers to _printf_char_common.o(.text) for _printf_char_common
    __2sprintf.o(.text) refers to _sputc.o(.text) for _sputc
    noretval__2sprintf.o(.text) refers to _printf_char_common.o(.text) for _printf_char_common
    noretval__2sprintf.o(.text) refers to _sputc.o(.text) for _sputc
    __printf.o(.text) refers to _printf_percent.o(.ARM.Collect$$_printf_percent$$00000000) for _printf_percent
    _printf_str.o(.text) refers (Special) to _printf_char.o(.text) for _printf_cs_common
    _printf_dec.o(.text) refers to rtudiv10.o(.text) for __rt_udiv10
    _printf_dec.o(.text) refers to _printf_intcommon.o(.text) for _printf_int_common
    __printf_flags.o(.text) refers to _printf_percent.o(.ARM.Collect$$_printf_percent$$00000000) for _printf_percent
    __printf_flags.o(.text) refers to __printf_flags.o(.constdata) for .constdata
    __printf_ss.o(.text) refers to _printf_percent.o(.ARM.Collect$$_printf_percent$$00000000) for _printf_percent
    __printf_flags_ss.o(.text) refers to _printf_percent.o(.ARM.Collect$$_printf_percent$$00000000) for _printf_percent
    __printf_flags_ss.o(.text) refers to __printf_flags_ss.o(.constdata) for .constdata
    __printf_wp.o(.text) refers to __printf_wp.o(i._is_digit) for _is_digit
    __printf_wp.o(.text) refers to _printf_percent.o(.ARM.Collect$$_printf_percent$$00000000) for _printf_percent
    __printf_flags_wp.o(.text) refers to __printf_wp.o(i._is_digit) for _is_digit
    __printf_flags_wp.o(.text) refers to _printf_percent.o(.ARM.Collect$$_printf_percent$$00000000) for _printf_percent
    __printf_flags_wp.o(.text) refers to __printf_flags_wp.o(.constdata) for .constdata
    __printf_ss_wp.o(.text) refers to __printf_wp.o(i._is_digit) for _is_digit
    __printf_ss_wp.o(.text) refers to _printf_percent.o(.ARM.Collect$$_printf_percent$$00000000) for _printf_percent
    __printf_flags_ss_wp.o(.text) refers to __printf_wp.o(i._is_digit) for _is_digit
    __printf_flags_ss_wp.o(.text) refers to _printf_percent.o(.ARM.Collect$$_printf_percent$$00000000) for _printf_percent
    __printf_flags_ss_wp.o(.text) refers to __printf_flags_ss_wp.o(.constdata) for .constdata
    _printf_c.o(.ARM.Collect$$_printf_percent$$00000013) refers (Weak) to _printf_char.o(.text) for _printf_char
    _printf_d.o(.ARM.Collect$$_printf_percent$$00000009) refers (Weak) to _printf_dec.o(.text) for _printf_int_dec
    _printf_percent.o(.ARM.Collect$$_printf_percent$$00000000) refers (Special) to _printf_percent_end.o(.ARM.Collect$$_printf_percent$$00000017) for _printf_percent_end
    __main.o(!!!main) refers to __rtentry.o(.ARM.Collect$$rtentry$$00000000) for __rt_entry
    __rtentry.o(.ARM.Collect$$rtentry$$00000000) refers (Special) to __rtentry2.o(.ARM.Collect$$rtentry$$0000000A) for __rt_entry_li
    __rtentry.o(.ARM.Collect$$rtentry$$00000000) refers (Special) to __rtentry2.o(.ARM.Collect$$rtentry$$0000000D) for __rt_entry_main
    __rtentry.o(.ARM.Collect$$rtentry$$00000000) refers (Special) to __rtentry2.o(.ARM.Collect$$rtentry$$0000000C) for __rt_entry_postli_1
    __rtentry.o(.ARM.Collect$$rtentry$$00000000) refers (Special) to __rtentry2.o(.ARM.Collect$$rtentry$$00000009) for __rt_entry_postsh_1
    __rtentry.o(.ARM.Collect$$rtentry$$00000000) refers (Special) to __rtentry2.o(.ARM.Collect$$rtentry$$00000002) for __rt_entry_presh_1
    __rtentry.o(.ARM.Collect$$rtentry$$00000000) refers (Special) to __rtentry4.o(.ARM.Collect$$rtentry$$00000004) for __rt_entry_sh
    aeabi_idiv0_sigfpe.o(.text) refers to rt_div0.o(.text) for __rt_div0
    _printf_char_common.o(.text) refers to __printf.o(.text) for __printf
    _printf_char.o(.text) refers (Weak) to _printf_str.o(.text) for _printf_str
    __rtentry2.o(.ARM.Collect$$rtentry$$00000008) refers to boardinit2.o(.text) for _platform_post_stackheap_init
    __rtentry2.o(.ARM.Collect$$rtentry$$0000000A) refers to libinit.o(.ARM.Collect$$libinit$$00000000) for __rt_lib_init
    __rtentry2.o(.ARM.Collect$$rtentry$$0000000B) refers to boardinit3.o(.text) for _platform_post_lib_init
    __rtentry2.o(.ARM.Collect$$rtentry$$0000000D) refers to main.o(i.main) for main
    __rtentry2.o(.ARM.Collect$$rtentry$$0000000D) refers to exit.o(.text) for exit
    __rtentry2.o(.ARM.exidx) refers to __rtentry2.o(.ARM.Collect$$rtentry$$00000001) for .ARM.Collect$$rtentry$$00000001
    __rtentry2.o(.ARM.exidx) refers to __rtentry2.o(.ARM.Collect$$rtentry$$00000008) for .ARM.Collect$$rtentry$$00000008
    __rtentry2.o(.ARM.exidx) refers to __rtentry2.o(.ARM.Collect$$rtentry$$0000000A) for .ARM.Collect$$rtentry$$0000000A
    __rtentry2.o(.ARM.exidx) refers to __rtentry2.o(.ARM.Collect$$rtentry$$0000000B) for .ARM.Collect$$rtentry$$0000000B
    __rtentry2.o(.ARM.exidx) refers to __rtentry2.o(.ARM.Collect$$rtentry$$0000000D) for .ARM.Collect$$rtentry$$0000000D
    __rtentry4.o(.ARM.Collect$$rtentry$$00000004) refers to sys_stackheap_outer.o(.text) for __user_setup_stackheap
    __rtentry4.o(.ARM.exidx) refers to __rtentry4.o(.ARM.Collect$$rtentry$$00000004) for .ARM.Collect$$rtentry$$00000004
    rt_div0.o(.text) refers to defsig_fpe_outer.o(.text) for __rt_SIGFPE
    sys_stackheap_outer.o(.text) refers to libspace.o(.text) for __user_perproc_libspace
    sys_stackheap_outer.o(.text) refers to startup_mkl25z4.o(.text) for __user_initial_stackheap
    sys_stackheap_outer.o(__vectab_stack_and_reset_area) refers to tempstk.o(.text) for __temporary_stack_top
    sys_stackheap_outer.o(__vectab_stack_and_reset_area) refers to __main.o(!!!main) for __main
    exit.o(.text) refers to rtexit.o(.ARM.Collect$$rtexit$$00000000) for __rt_exit
    defsig_fpe_outer.o(.text) refers to defsig_fpe_inner.o(.text) for __rt_SIGFPE_inner
    defsig_fpe_outer.o(.text) refers to defsig_exit.o(.text) for __sig_exit
    defsig_fpe_formal.o(.text) refers to rt_raise.o(.text) for __rt_raise
    libinit.o(.ARM.Collect$$libinit$$00000000) refers (Special) to libinit2.o(.ARM.Collect$$libinit$$0000002E) for __rt_lib_init_alloca_1
    libinit.o(.ARM.Collect$$libinit$$00000000) refers (Special) to libinit2.o(.ARM.Collect$$libinit$$0000002C) for __rt_lib_init_argv_1
    libinit.o(.ARM.Collect$$libinit$$00000000) refers (Special) to libinit2.o(.ARM.Collect$$libinit$$0000001B) for __rt_lib_init_atexit_1
    libinit.o(.ARM.Collect$$libinit$$00000000) refers (Special) to libinit2.o(.ARM.Collect$$libinit$$00000021) for __rt_lib_init_clock_1
    libinit.o(.ARM.Collect$$libinit$$00000000) refers (Special) to libinit2.o(.ARM.Collect$$libinit$$00000032) for __rt_lib_init_cpp_1
    libinit.o(.ARM.Collect$$libinit$$00000000) refers (Special) to libinit2.o(.ARM.Collect$$libinit$$00000030) for __rt_lib_init_exceptions_1
    libinit.o(.ARM.Collect$$libinit$$00000000) refers (Special) to libinit2.o(.ARM.Collect$$libinit$$00000002) for __rt_lib_init_fp_1
    libinit.o(.ARM.Collect$$libinit$$00000000) refers (Special) to libinit2.o(.ARM.Collect$$libinit$$0000001F) for __rt_lib_init_fp_trap_1
    libinit.o(.ARM.Collect$$libinit$$00000000) refers (Special) to libinit2.o(.ARM.Collect$$libinit$$00000023) for __rt_lib_init_getenv_1
    libinit.o(.ARM.Collect$$libinit$$00000000) refers (Special) to libinit2.o(.ARM.Collect$$libinit$$0000000A) for __rt_lib_init_heap_1
    libinit.o(.ARM.Collect$$libinit$$00000000) refers (Special) to libinit2.o(.ARM.Collect$$libinit$$00000011) for __rt_lib_init_lc_collate_1
    libinit.o(.ARM.Collect$$libinit$$00000000) refers (Special) to libinit2.o(.ARM.Collect$$libinit$$00000013) for __rt_lib_init_lc_ctype_1
    libinit.o(.ARM.Collect$$libinit$$00000000) refers (Special) to libinit2.o(.ARM.Collect$$libinit$$00000015) for __rt_lib_init_lc_monetary_1
    libinit.o(.ARM.Collect$$libinit$$00000000) refers (Special) to libinit2.o(.ARM.Collect$$libinit$$00000017) for __rt_lib_init_lc_numeric_1
    libinit.o(.ARM.Collect$$libinit$$00000000) refers (Special) to libinit2.o(.ARM.Collect$$libinit$$00000019) for __rt_lib_init_lc_time_1
    libinit.o(.ARM.Collect$$libinit$$00000000) refers (Special) to libinit2.o(.ARM.Collect$$libinit$$00000004) for __rt_lib_init_preinit_1
    libinit.o(.ARM.Collect$$libinit$$00000000) refers (Special) to libinit2.o(.ARM.Collect$$libinit$$0000000E) for __rt_lib_init_rand_1
    libinit.o(.ARM.Collect$$libinit$$00000000) refers (Special) to libinit2.o(.ARM.Collect$$libinit$$00000033) for __rt_lib_init_return
    libinit.o(.ARM.Collect$$libinit$$00000000) refers (Special) to libinit2.o(.ARM.Collect$$libinit$$0000001D) for __rt_lib_init_signal_1
    libinit.o(.ARM.Collect$$libinit$$00000000) refers (Special) to libinit2.o(.ARM.Collect$$libinit$$00000025) for __rt_lib_init_stdio_1
    libinit.o(.ARM.Collect$$libinit$$00000000) refers (Special) to libinit2.o(.ARM.Collect$$libinit$$0000000C) for __rt_lib_init_user_alloc_1
    libspace.o(.text) refers to libspace.o(.bss) for __libspace_start
    rtexit.o(.ARM.Collect$$rtexit$$00000000) refers (Special) to rtexit2.o(.ARM.Collect$$rtexit$$00000004) for __rt_exit_exit
    rtexit.o(.ARM.Collect$$rtexit$$00000000) refers (Special) to rtexit2.o(.ARM.Collect$$rtexit$$00000003) for __rt_exit_ls
    rtexit.o(.ARM.Collect$$rtexit$$00000000) refers (Special) to rtexit2.o(.ARM.Collect$$rtexit$$00000002) for __rt_exit_prels_1
    rtexit.o(.ARM.exidx) refers (Special) to rtexit2.o(.ARM.Collect$$rtexit$$00000004) for __rt_exit_exit
    rtexit.o(.ARM.exidx) refers (Special) to rtexit2.o(.ARM.Collect$$rtexit$$00000003) for __rt_exit_ls
    rtexit.o(.ARM.exidx) refers (Special) to rtexit2.o(.ARM.Collect$$rtexit$$00000002) for __rt_exit_prels_1
    rtexit.o(.ARM.exidx) refers to rtexit.o(.ARM.Collect$$rtexit$$00000000) for .ARM.Collect$$rtexit$$00000000
    rt_raise.o(.text) refers to __raise.o(.text) for __raise
    rt_raise.o(.text) refers to sys_exit.o(.text) for _sys_exit
    defsig_exit.o(.text) refers to sys_exit.o(.text) for _sys_exit
    defsig_fpe_inner.o(.text) refers to defsig_general.o(.text) for __default_signal_display
    libinit2.o(.ARM.Collect$$libinit$$00000010) refers to libinit2.o(.ARM.Collect$$libinit$$0000000F) for .ARM.Collect$$libinit$$0000000F
    libinit2.o(.ARM.Collect$$libinit$$00000012) refers to libinit2.o(.ARM.Collect$$libinit$$0000000F) for .ARM.Collect$$libinit$$0000000F
    libinit2.o(.ARM.Collect$$libinit$$00000014) refers to libinit2.o(.ARM.Collect$$libinit$$0000000F) for .ARM.Collect$$libinit$$0000000F
    libinit2.o(.ARM.Collect$$libinit$$00000016) refers to libinit2.o(.ARM.Collect$$libinit$$0000000F) for .ARM.Collect$$libinit$$0000000F
    libinit2.o(.ARM.Collect$$libinit$$00000018) refers to libinit2.o(.ARM.Collect$$libinit$$0000000F) for .ARM.Collect$$libinit$$0000000F
    libinit2.o(.ARM.Collect$$libinit$$00000026) refers to argv_veneer.o(.text) for __ARM_argv_veneer
    libinit2.o(.ARM.Collect$$libinit$$00000027) refers to argv_veneer.o(.text) for __ARM_argv_veneer
    sys_exit.o(.text) refers (Special) to use_no_semi.o(.text) for __I$use$semihosting
    sys_exit.o(.text) refers (Special) to indicate_semi.o(.text) for __semihosting_library_function
    rtexit2.o(.ARM.Collect$$rtexit$$00000003) refers to libshutdown.o(.ARM.Collect$$libshutdown$$00000000) for __rt_lib_shutdown
    rtexit2.o(.ARM.Collect$$rtexit$$00000004) refers to sys_exit.o(.text) for _sys_exit
    rtexit2.o(.ARM.exidx) refers to rtexit2.o(.ARM.Collect$$rtexit$$00000001) for .ARM.Collect$$rtexit$$00000001
    rtexit2.o(.ARM.exidx) refers to rtexit2.o(.ARM.Collect$$rtexit$$00000003) for .ARM.Collect$$rtexit$$00000003
    rtexit2.o(.ARM.exidx) refers to rtexit2.o(.ARM.Collect$$rtexit$$00000004) for .ARM.Collect$$rtexit$$00000004
    __raise.o(.text) refers to defsig.o(CL$$defsig) for __default_signal_handler
    defsig_general.o(.text) refers to sys_wrch.o(.text) for _ttywrch
    sys_wrch.o(.text) refers (Special) to use_no_semi.o(.text) for __I$use$semihosting
    sys_wrch.o(.text) refers (Special) to indicate_semi.o(.text) for __semihosting_library_function
    defsig.o(CL$$defsig) refers to defsig_fpe_inner.o(.text) for __rt_SIGFPE_inner
    defsig.o(CL$$defsig) refers to defsig_rtmem_inner.o(.text) for __rt_SIGRTMEM_inner
    _get_argv_nomalloc.o(.text) refers (Special) to hrguard.o(.text) for __heap_region$guard
    _get_argv_nomalloc.o(.text) refers to defsig_rtmem_outer.o(.text) for __rt_SIGRTMEM
    _get_argv_nomalloc.o(.text) refers to sys_command.o(.text) for _sys_command_string
    libshutdown.o(.ARM.Collect$$libshutdown$$00000000) refers (Special) to libshutdown2.o(.ARM.Collect$$libshutdown$$00000002) for __rt_lib_shutdown_cpp_1
    libshutdown.o(.ARM.Collect$$libshutdown$$00000000) refers (Special) to libshutdown2.o(.ARM.Collect$$libshutdown$$00000007) for __rt_lib_shutdown_fp_trap_1
    libshutdown.o(.ARM.Collect$$libshutdown$$00000000) refers (Special) to libshutdown2.o(.ARM.Collect$$libshutdown$$0000000F) for __rt_lib_shutdown_heap_1
    libshutdown.o(.ARM.Collect$$libshutdown$$00000000) refers (Special) to libshutdown2.o(.ARM.Collect$$libshutdown$$00000010) for __rt_lib_shutdown_return
    libshutdown.o(.ARM.Collect$$libshutdown$$00000000) refers (Special) to libshutdown2.o(.ARM.Collect$$libshutdown$$0000000A) for __rt_lib_shutdown_signal_1
    libshutdown.o(.ARM.Collect$$libshutdown$$00000000) refers (Special) to libshutdown2.o(.ARM.Collect$$libshutdown$$00000004) for __rt_lib_shutdown_stdio_1
    libshutdown.o(.ARM.Collect$$libshutdown$$00000000) refers (Special) to libshutdown2.o(.ARM.Collect$$libshutdown$$0000000C) for __rt_lib_shutdown_user_alloc_1
    sys_command.o(.text) refers (Special) to use_no_semi.o(.text) for __I$use$semihosting
    sys_command.o(.text) refers (Special) to indicate_semi.o(.text) for __semihosting_library_function
    defsig_abrt_inner.o(.text) refers to defsig_general.o(.text) for __default_signal_display
    defsig_rtred_inner.o(.text) refers to defsig_general.o(.text) for __default_signal_display
    defsig_rtmem_inner.o(.text) refers to defsig_general.o(.text) for __default_signal_display
    defsig_rtmem_outer.o(.text) refers to defsig_rtmem_inner.o(.text) for __rt_SIGRTMEM_inner
    defsig_rtmem_outer.o(.text) refers to defsig_exit.o(.text) for __sig_exit
    defsig_rtmem_formal.o(.text) refers to rt_raise.o(.text) for __rt_raise
    defsig_stak_inner.o(.text) refers to defsig_general.o(.text) for __default_signal_display
    defsig_pvfn_inner.o(.text) refers to defsig_general.o(.text) for __default_signal_display
    defsig_cppl_inner.o(.text) refers to defsig_general.o(.text) for __default_signal_display
    defsig_segv_inner.o(.text) refers to defsig_general.o(.text) for __default_signal_display
    defsig_other.o(.text) refers to defsig_general.o(.text) for __default_signal_display


==============================================================================

Removing Unused input sections from the image.

    Removing main.o(.rev16_text), (4 bytes).
    Removing main.o(.revsh_text), (4 bytes).
    Removing main.o(i.speed_ctrl), (56 bytes).
    Removing pwm.o(.rev16_text), (4 bytes).
    Removing pwm.o(.revsh_text), (4 bytes).
    Removing uart.o(.rev16_text), (4 bytes).
    Removing uart.o(.revsh_text), (4 bytes).
    Removing pinset.o(.rev16_text), (4 bytes).
    Removing pinset.o(.revsh_text), (4 bytes).
    Removing pinset.o(i.delay), (26 bytes).
    Removing pinset.o(i.pintoggle), (128 bytes).
    Removing queue.o(.rev16_text), (4 bytes).
    Removing queue.o(.revsh_text), (4 bytes).
    Removing timers.o(.rev16_text), (4 bytes).
    Removing timers.o(.revsh_text), (4 bytes).
    Removing lcddisp.o(.rev16_text), (4 bytes).
    Removing lcddisp.o(.revsh_text), (4 bytes).
    Removing system_mkl25z4.o(.rev16_text), (4 bytes).
    Removing system_mkl25z4.o(.revsh_text), (4 bytes).
    Removing system_mkl25z4.o(i.SystemCoreClockUpdate), (400 bytes).
    Removing system_mkl25z4.o(.data), (4 bytes).

21 unused section(s) (total 678 bytes) removed from the image.

==============================================================================

Image Symbol Table

    Local Symbols

    Symbol Name                              Value     Ov Type        Size  Object(Section)

    RESET                                    0x00000000   Section      192  startup_mkl25z4.o(RESET)
    ../clib/angel/boardlib.s                 0x00000000   Number         0  boardinit2.o ABSOLUTE
    ../clib/angel/boardlib.s                 0x00000000   Number         0  boardinit3.o ABSOLUTE
    ../clib/angel/boardlib.s                 0x00000000   Number         0  boardinit1.o ABSOLUTE
    ../clib/angel/boardlib.s                 0x00000000   Number         0  boardshut.o ABSOLUTE
    ../clib/angel/handlers.s                 0x00000000   Number         0  __scatter_copy.o ABSOLUTE
    ../clib/angel/handlers.s                 0x00000000   Number         0  __scatter_zi.o ABSOLUTE
    ../clib/angel/kernel.s                   0x00000000   Number         0  __rtentry.o ABSOLUTE
    ../clib/angel/kernel.s                   0x00000000   Number         0  __rtentry2.o ABSOLUTE
    ../clib/angel/kernel.s                   0x00000000   Number         0  __rtentry4.o ABSOLUTE
    ../clib/angel/kernel.s                   0x00000000   Number         0  rtexit2.o ABSOLUTE
    ../clib/angel/kernel.s                   0x00000000   Number         0  rtexit.o ABSOLUTE
    ../clib/angel/rt.s                       0x00000000   Number         0  aeabi_idiv0.o ABSOLUTE
    ../clib/angel/rt.s                       0x00000000   Number         0  aeabi_idiv0_sigfpe.o ABSOLUTE
    ../clib/angel/rt.s                       0x00000000   Number         0  rt_div0.o ABSOLUTE
    ../clib/angel/rt.s                       0x00000000   Number         0  rt_raise.o ABSOLUTE
    ../clib/angel/scatterp.s                 0x00000000   Number         0  __scatter.o ABSOLUTE
    ../clib/angel/startup.s                  0x00000000   Number         0  __main.o ABSOLUTE
    ../clib/angel/sys.s                      0x00000000   Number         0  use_no_semi.o ABSOLUTE
    ../clib/angel/sys.s                      0x00000000   Number         0  libspace.o ABSOLUTE
    ../clib/angel/sys.s                      0x00000000   Number         0  sys_stackheap_outer.o ABSOLUTE
    ../clib/angel/sys.s                      0x00000000   Number         0  indicate_semi.o ABSOLUTE
    ../clib/angel/sys.s                      0x00000000   Number         0  tempstk.o ABSOLUTE
    ../clib/angel/sysapp.c                   0x00000000   Number         0  sys_command.o ABSOLUTE
    ../clib/angel/sysapp.c                   0x00000000   Number         0  sys_wrch.o ABSOLUTE
    ../clib/angel/sysapp.c                   0x00000000   Number         0  sys_exit.o ABSOLUTE
    ../clib/armsys.c                         0x00000000   Number         0  _get_argv_nomalloc.o ABSOLUTE
    ../clib/armsys.c                         0x00000000   Number         0  no_argv.o ABSOLUTE
    ../clib/armsys.c                         0x00000000   Number         0  argv_veneer.o ABSOLUTE
    ../clib/division.c                       0x00000000   Number         0  rtudiv10.o ABSOLUTE
    ../clib/division.s                       0x00000000   Number         0  aeabi_sdiv.o ABSOLUTE
    ../clib/division.s                       0x00000000   Number         0  aeabi_sdiv_div0.o ABSOLUTE
    ../clib/heapalloc.c                      0x00000000   Number         0  hrguard.o ABSOLUTE
    ../clib/heapaux.c                        0x00000000   Number         0  heapauxi.o ABSOLUTE
    ../clib/libinit.s                        0x00000000   Number         0  libinit.o ABSOLUTE
    ../clib/libinit.s                        0x00000000   Number         0  libshutdown.o ABSOLUTE
    ../clib/libinit.s                        0x00000000   Number         0  libinit2.o ABSOLUTE
    ../clib/libinit.s                        0x00000000   Number         0  libshutdown2.o ABSOLUTE
    ../clib/memcpset.c                       0x00000000   Number         0  rt_memclr.o ABSOLUTE
    ../clib/printf.c                         0x00000000   Number         0  _printf_dec.o ABSOLUTE
    ../clib/printf.c                         0x00000000   Number         0  _printf_intcommon.o ABSOLUTE
    ../clib/printf.c                         0x00000000   Number         0  __printf_wp.o ABSOLUTE
    ../clib/printf.c                         0x00000000   Number         0  __2sprintf.o ABSOLUTE
    ../clib/printf.c                         0x00000000   Number         0  noretval__2sprintf.o ABSOLUTE
    ../clib/printf.c                         0x00000000   Number         0  __printf_flags.o ABSOLUTE
    ../clib/printf.c                         0x00000000   Number         0  __printf_ss.o ABSOLUTE
    ../clib/printf.c                         0x00000000   Number         0  __printf_flags_ss.o ABSOLUTE
    ../clib/printf.c                         0x00000000   Number         0  __printf.o ABSOLUTE
    ../clib/printf.c                         0x00000000   Number         0  __printf_flags_wp.o ABSOLUTE
    ../clib/printf.c                         0x00000000   Number         0  _printf_char.o ABSOLUTE
    ../clib/printf.c                         0x00000000   Number         0  __printf_flags_ss_wp.o ABSOLUTE
    ../clib/printf.c                         0x00000000   Number         0  _printf_str.o ABSOLUTE
    ../clib/printf.c                         0x00000000   Number         0  __printf_nopercent.o ABSOLUTE
    ../clib/printf.c                         0x00000000   Number         0  _sputc.o ABSOLUTE
    ../clib/printf.c                         0x00000000   Number         0  _printf_char_common.o ABSOLUTE
    ../clib/printf.c                         0x00000000   Number         0  __printf_ss_wp.o ABSOLUTE
    ../clib/printf_percent.s                 0x00000000   Number         0  _printf_percent_end.o ABSOLUTE
    ../clib/printf_percent.s                 0x00000000   Number         0  _printf_c.o ABSOLUTE
    ../clib/printf_percent.s                 0x00000000   Number         0  _printf_percent.o ABSOLUTE
    ../clib/printf_percent.s                 0x00000000   Number         0  _printf_d.o ABSOLUTE
    ../clib/signal.c                         0x00000000   Number         0  defsig_stak_inner.o ABSOLUTE
    ../clib/signal.c                         0x00000000   Number         0  defsig_rtmem_formal.o ABSOLUTE
    ../clib/signal.c                         0x00000000   Number         0  defsig_rtmem_outer.o ABSOLUTE
    ../clib/signal.c                         0x00000000   Number         0  defsig_rtmem_inner.o ABSOLUTE
    ../clib/signal.c                         0x00000000   Number         0  defsig_rtred_inner.o ABSOLUTE
    ../clib/signal.c                         0x00000000   Number         0  defsig_abrt_inner.o ABSOLUTE
    ../clib/signal.c                         0x00000000   Number         0  defsig_fpe_outer.o ABSOLUTE
    ../clib/signal.c                         0x00000000   Number         0  __raise.o ABSOLUTE
    ../clib/signal.c                         0x00000000   Number         0  defsig_fpe_inner.o ABSOLUTE
    ../clib/signal.c                         0x00000000   Number         0  defsig_exit.o ABSOLUTE
    ../clib/signal.c                         0x00000000   Number         0  defsig_general.o ABSOLUTE
    ../clib/signal.c                         0x00000000   Number         0  defsig_fpe_formal.o ABSOLUTE
    ../clib/signal.c                         0x00000000   Number         0  defsig_other.o ABSOLUTE
    ../clib/signal.c                         0x00000000   Number         0  defsig_segv_inner.o ABSOLUTE
    ../clib/signal.c                         0x00000000   Number         0  defsig_cppl_inner.o ABSOLUTE
    ../clib/signal.c                         0x00000000   Number         0  defsig_pvfn_inner.o ABSOLUTE
    ../clib/signal.s                         0x00000000   Number         0  defsig.o ABSOLUTE
    ../clib/stdlib.c                         0x00000000   Number         0  exit.o ABSOLUTE
    ../fplib/cfplib/fpinit.c                 0x00000000   Number         0  fpinit.o ABSOLUTE
    RTE\Device\MKL25Z128xxx4\startup_MKL25Z4.s 0x00000000   Number         0  startup_mkl25z4.o ABSOLUTE
    RTE\Device\MKL25Z128xxx4\system_MKL25Z4.c 0x00000000   Number         0  system_mkl25z4.o ABSOLUTE
    RTE\\Device\\MKL25Z128xxx4\\system_MKL25Z4.c 0x00000000   Number         0  system_mkl25z4.o ABSOLUTE
    dc.s                                     0x00000000   Number         0  dc.o ABSOLUTE
    lcddisp.c                                0x00000000   Number         0  lcddisp.o ABSOLUTE
    lcddisp.c                                0x00000000   Number         0  lcddisp.o ABSOLUTE
    main.c                                   0x00000000   Number         0  main.o ABSOLUTE
    main.c                                   0x00000000   Number         0  main.o ABSOLUTE
    pinset.c                                 0x00000000   Number         0  pinset.o ABSOLUTE
    pinset.c                                 0x00000000   Number         0  pinset.o ABSOLUTE
    pwm.c                                    0x00000000   Number         0  pwm.o ABSOLUTE
    pwm.c                                    0x00000000   Number         0  pwm.o ABSOLUTE
    queue.c                                  0x00000000   Number         0  queue.o ABSOLUTE
    queue.c                                  0x00000000   Number         0  queue.o ABSOLUTE
    timers.c                                 0x00000000   Number         0  timers.o ABSOLUTE
    timers.c                                 0x00000000   Number         0  timers.o ABSOLUTE
    uart.c                                   0x00000000   Number         0  uart.o ABSOLUTE
    uart.c                                   0x00000000   Number         0  uart.o ABSOLUTE
    !!!main                                  0x000000c0   Section        8  __main.o(!!!main)
    !!!scatter                               0x000000c8   Section       60  __scatter.o(!!!scatter)
    !!handler_copy                           0x00000104   Section       26  __scatter_copy.o(!!handler_copy)
    !!handler_zi                             0x00000120   Section       28  __scatter_zi.o(!!handler_zi)
    .ARM.Collect$$_printf_percent$$00000000  0x0000013c   Section        2  _printf_percent.o(.ARM.Collect$$_printf_percent$$00000000)
    .ARM.Collect$$_printf_percent$$00000009  0x0000013e   Section       10  _printf_d.o(.ARM.Collect$$_printf_percent$$00000009)
    .ARM.Collect$$_printf_percent$$00000013  0x00000148   Section       10  _printf_c.o(.ARM.Collect$$_printf_percent$$00000013)
    .ARM.Collect$$_printf_percent$$00000017  0x00000152   Section        4  _printf_percent_end.o(.ARM.Collect$$_printf_percent$$00000017)
    .ARM.Collect$$libinit$$00000000          0x00000156   Section        2  libinit.o(.ARM.Collect$$libinit$$00000000)
    .ARM.Collect$$libinit$$00000002          0x00000158   Section        0  libinit2.o(.ARM.Collect$$libinit$$00000002)
    .ARM.Collect$$libinit$$00000004          0x00000158   Section        0  libinit2.o(.ARM.Collect$$libinit$$00000004)
    .ARM.Collect$$libinit$$0000000A          0x00000158   Section        0  libinit2.o(.ARM.Collect$$libinit$$0000000A)
    .ARM.Collect$$libinit$$0000000C          0x00000158   Section        0  libinit2.o(.ARM.Collect$$libinit$$0000000C)
    .ARM.Collect$$libinit$$0000000E          0x00000158   Section        0  libinit2.o(.ARM.Collect$$libinit$$0000000E)
    .ARM.Collect$$libinit$$00000011          0x00000158   Section        0  libinit2.o(.ARM.Collect$$libinit$$00000011)
    .ARM.Collect$$libinit$$00000013          0x00000158   Section        0  libinit2.o(.ARM.Collect$$libinit$$00000013)
    .ARM.Collect$$libinit$$00000015          0x00000158   Section        0  libinit2.o(.ARM.Collect$$libinit$$00000015)
    .ARM.Collect$$libinit$$00000017          0x00000158   Section        0  libinit2.o(.ARM.Collect$$libinit$$00000017)
    .ARM.Collect$$libinit$$00000019          0x00000158   Section        0  libinit2.o(.ARM.Collect$$libinit$$00000019)
    .ARM.Collect$$libinit$$0000001B          0x00000158   Section        0  libinit2.o(.ARM.Collect$$libinit$$0000001B)
    .ARM.Collect$$libinit$$0000001D          0x00000158   Section        0  libinit2.o(.ARM.Collect$$libinit$$0000001D)
    .ARM.Collect$$libinit$$0000001F          0x00000158   Section        0  libinit2.o(.ARM.Collect$$libinit$$0000001F)
    .ARM.Collect$$libinit$$00000021          0x00000158   Section        0  libinit2.o(.ARM.Collect$$libinit$$00000021)
    .ARM.Collect$$libinit$$00000023          0x00000158   Section        0  libinit2.o(.ARM.Collect$$libinit$$00000023)
    .ARM.Collect$$libinit$$00000025          0x00000158   Section        0  libinit2.o(.ARM.Collect$$libinit$$00000025)
    .ARM.Collect$$libinit$$0000002C          0x00000158   Section        0  libinit2.o(.ARM.Collect$$libinit$$0000002C)
    .ARM.Collect$$libinit$$0000002E          0x00000158   Section        0  libinit2.o(.ARM.Collect$$libinit$$0000002E)
    .ARM.Collect$$libinit$$00000030          0x00000158   Section        0  libinit2.o(.ARM.Collect$$libinit$$00000030)
    .ARM.Collect$$libinit$$00000032          0x00000158   Section        0  libinit2.o(.ARM.Collect$$libinit$$00000032)
    .ARM.Collect$$libinit$$00000033          0x00000158   Section        2  libinit2.o(.ARM.Collect$$libinit$$00000033)
    .ARM.Collect$$libshutdown$$00000000      0x0000015a   Section        2  libshutdown.o(.ARM.Collect$$libshutdown$$00000000)
    .ARM.Collect$$libshutdown$$00000002      0x0000015c   Section        0  libshutdown2.o(.ARM.Collect$$libshutdown$$00000002)
    .ARM.Collect$$libshutdown$$00000004      0x0000015c   Section        0  libshutdown2.o(.ARM.Collect$$libshutdown$$00000004)
    .ARM.Collect$$libshutdown$$00000007      0x0000015c   Section        0  libshutdown2.o(.ARM.Collect$$libshutdown$$00000007)
    .ARM.Collect$$libshutdown$$0000000A      0x0000015c   Section        0  libshutdown2.o(.ARM.Collect$$libshutdown$$0000000A)
    .ARM.Collect$$libshutdown$$0000000C      0x0000015c   Section        0  libshutdown2.o(.ARM.Collect$$libshutdown$$0000000C)
    .ARM.Collect$$libshutdown$$0000000F      0x0000015c   Section        0  libshutdown2.o(.ARM.Collect$$libshutdown$$0000000F)
    .ARM.Collect$$libshutdown$$00000010      0x0000015c   Section        2  libshutdown2.o(.ARM.Collect$$libshutdown$$00000010)
    .ARM.Collect$$rtentry$$00000000          0x0000015e   Section        0  __rtentry.o(.ARM.Collect$$rtentry$$00000000)
    .ARM.Collect$$rtentry$$00000002          0x0000015e   Section        0  __rtentry2.o(.ARM.Collect$$rtentry$$00000002)
    .ARM.Collect$$rtentry$$00000004          0x0000015e   Section        6  __rtentry4.o(.ARM.Collect$$rtentry$$00000004)
    .ARM.Collect$$rtentry$$00000009          0x00000164   Section        0  __rtentry2.o(.ARM.Collect$$rtentry$$00000009)
    .ARM.Collect$$rtentry$$0000000A          0x00000164   Section        4  __rtentry2.o(.ARM.Collect$$rtentry$$0000000A)
    .ARM.Collect$$rtentry$$0000000C          0x00000168   Section        0  __rtentry2.o(.ARM.Collect$$rtentry$$0000000C)
    .ARM.Collect$$rtentry$$0000000D          0x00000168   Section        8  __rtentry2.o(.ARM.Collect$$rtentry$$0000000D)
    .ARM.Collect$$rtexit$$00000000           0x00000170   Section        2  rtexit.o(.ARM.Collect$$rtexit$$00000000)
    .ARM.Collect$$rtexit$$00000002           0x00000172   Section        0  rtexit2.o(.ARM.Collect$$rtexit$$00000002)
    .ARM.Collect$$rtexit$$00000003           0x00000172   Section        4  rtexit2.o(.ARM.Collect$$rtexit$$00000003)
    .ARM.Collect$$rtexit$$00000004           0x00000176   Section        6  rtexit2.o(.ARM.Collect$$rtexit$$00000004)
    .text                                    0x0000017c   Section       64  startup_mkl25z4.o(.text)
    .text                                    0x000001bc   Section        0  noretval__2sprintf.o(.text)
    .text                                    0x000001e4   Section        0  __printf.o(.text)
    .text                                    0x00000250   Section        0  _printf_str.o(.text)
    .text                                    0x000002a4   Section        0  _printf_dec.o(.text)
    .text                                    0x00000310   Section        0  rt_memclr.o(.text)
    .text                                    0x00000350   Section        0  heapauxi.o(.text)
    .text                                    0x00000358   Section        0  _printf_char_common.o(.text)
    _printf_input_char                       0x00000359   Thumb Code    10  _printf_char_common.o(.text)
    .text                                    0x00000388   Section        0  _sputc.o(.text)
    .text                                    0x00000392   Section        0  _printf_char.o(.text)
    .text                                    0x000003c0   Section        0  rtudiv10.o(.text)
    .text                                    0x000003e8   Section        0  exit.o(.text)
    .text                                    0x000003f8   Section        8  libspace.o(.text)
    .ARM.__at_0x400                          0x00000400   Section       16  startup_mkl25z4.o(.ARM.__at_0x400)
    .text                                    0x00000410   Section      346  aeabi_sdiv.o(.text)
    .text                                    0x0000056a   Section        0  _printf_intcommon.o(.text)
    .text                                    0x0000061a   Section       62  sys_stackheap_outer.o(.text)
    .text                                    0x00000658   Section        0  sys_exit.o(.text)
    .text                                    0x00000664   Section        2  use_no_semi.o(.text)
    .text                                    0x00000666   Section        0  indicate_semi.o(.text)
    i.Hallsense                              0x00000668   Section        0  main.o(i.Hallsense)
    i.Q_Dequeue                              0x000006e4   Section        0  queue.o(i.Q_Dequeue)
    i.Q_Empty                                0x00000730   Section        0  queue.o(i.Q_Empty)
    i.Q_Enqueue                              0x00000740   Section        0  queue.o(i.Q_Enqueue)
    i.Q_Full                                 0x00000784   Section        0  queue.o(i.Q_Full)
    i.Q_Init                                 0x00000798   Section        0  queue.o(i.Q_Init)
    i.Q_Size                                 0x000007b4   Section        0  queue.o(i.Q_Size)
    i.Send_String                            0x000007bc   Section        0  main.o(i.Send_String)
    i.SysTick_Handler                        0x0000080c   Section        0  main.o(i.SysTick_Handler)
    i.SystemInit                             0x00000868   Section        0  system_mkl25z4.o(i.SystemInit)
    i.TPM2_IRQHandler                        0x00000874   Section        0  main.o(i.TPM2_IRQHandler)
    i.UART0_IRQHandler                       0x0000088c   Section        0  main.o(i.UART0_IRQHandler)
    i.__ARM_common_switch8                   0x0000091c   Section        0  pwm.o(i.__ARM_common_switch8)
    i.__NVIC_SetPriority                     0x00000938   Section        0  pwm.o(i.__NVIC_SetPriority)
    __NVIC_SetPriority                       0x00000939   Thumb Code   110  pwm.o(i.__NVIC_SetPriority)
    i.__NVIC_SetPriority                     0x000009b0   Section        0  uart.o(i.__NVIC_SetPriority)
    __NVIC_SetPriority                       0x000009b1   Thumb Code   110  uart.o(i.__NVIC_SetPriority)
    i.doTxRx_task                            0x00000a28   Section        0  main.o(i.doTxRx_task)
    i.init_UART0                             0x00000aa4   Section        0  uart.o(i.init_UART0)
    i.init_lcd                               0x00000b6c   Section        0  lcddisp.o(i.init_lcd)
    i.init_tpm                               0x00000b7c   Section        0  pwm.o(i.init_tpm)
    i.initialize                             0x00000c2c   Section        0  main.o(i.initialize)
    i.lcd_clear                              0x00000c80   Section        0  lcddisp.o(i.lcd_clear)
    i.lcd_display                            0x00000c90   Section        0  lcddisp.o(i.lcd_display)
    i.lcd_goto                               0x00000ca6   Section        0  lcddisp.o(i.lcd_goto)
    i.lcd_init                               0x00000cca   Section        0  lcddisp.o(i.lcd_init)
    i.lcd_initialize                         0x00000ce0   Section        0  lcddisp.o(i.lcd_initialize)
    i.lcd_write_data                         0x00000d48   Section        0  lcddisp.o(i.lcd_write_data)
    i.lcd_write_instruc                      0x00000dda   Section        0  lcddisp.o(i.lcd_write_instruc)
    i.lcd_write_string                       0x00000e6c   Section        0  lcddisp.o(i.lcd_write_string)
    i.main                                   0x00000e84   Section        0  main.o(i.main)
    i.motor_ctrl                             0x00000edc   Section        0  main.o(i.motor_ctrl)
    i.pinset                                 0x00000fcc   Section        0  pinset.o(i.pinset)
    i.pinstart                               0x00000fe8   Section        0  pinset.o(i.pinstart)
    i.pinstate                               0x000011b0   Section        0  pinset.o(i.pinstate)
    i.portenable                             0x000012a0   Section        0  pinset.o(i.portenable)
    i.print_bits                             0x00001310   Section        0  lcddisp.o(i.print_bits)
    i.tpmpin                                 0x00001338   Section        0  pwm.o(i.tpmpin)
    tpmpin                                   0x00001339   Thumb Code   312  pwm.o(i.tpmpin)
    .data                                    0x1ffff000   Section      112  main.o(.data)
    tpmval                                   0x1ffff068   Data           4  main.o(.data)
    tpmval                                   0x1ffff06c   Data           4  main.o(.data)
    .bss                                     0x1ffff070   Section      536  main.o(.bss)
    .bss                                     0x1ffff288   Section       96  libspace.o(.bss)
    HEAP                                     0x1ffff2e8   Section        0  startup_mkl25z4.o(HEAP)
    STACK                                    0x1ffff2e8   Section      256  startup_mkl25z4.o(STACK)
    Heap_Mem                                 0x1ffff2e8   Data           0  startup_mkl25z4.o(HEAP)
    Stack_Mem                                0x1ffff2e8   Data         256  startup_mkl25z4.o(STACK)
    __initial_sp                             0x1ffff3e8   Data           0  startup_mkl25z4.o(STACK)

    Global Symbols

    Symbol Name                              Value     Ov Type        Size  Object(Section)

    BuildAttributes$$THM_ISAv3M$S$PE$A:L22$X:L11$S22$IEEE1$IW$USESV6$~STKCKD$USESV7$~SHL$OSPACE$ROPI$EBA8$UX$STANDARDLIB$REQ8$PRES8$EABIv2 0x00000000   Number         0  anon$$obj.o ABSOLUTE
    __ARM_use_no_argv                        0x00000000   Number         0  main.o ABSOLUTE
    __Vectors                                0x00000000   Data           4  startup_mkl25z4.o(RESET)
    __ARM_exceptions_init                     - Undefined Weak Reference
    __alloca_initialize                       - Undefined Weak Reference
    __arm_preinit_                            - Undefined Weak Reference
    __cpp_initialize__aeabi_                  - Undefined Weak Reference
    __cxa_finalize                            - Undefined Weak Reference
    __rt_locale                               - Undefined Weak Reference
    __sigvec_lookup                           - Undefined Weak Reference
    _atexit_init                              - Undefined Weak Reference
    _call_atexit_fns                          - Undefined Weak Reference
    _clock_init                               - Undefined Weak Reference
    _fp_trap_init                             - Undefined Weak Reference
    _fp_trap_shutdown                         - Undefined Weak Reference
    _get_lc_collate                           - Undefined Weak Reference
    _get_lc_ctype                             - Undefined Weak Reference
    _get_lc_monetary                          - Undefined Weak Reference
    _get_lc_numeric                           - Undefined Weak Reference
    _get_lc_time                              - Undefined Weak Reference
    _getenv_init                              - Undefined Weak Reference
    _handle_redirection                       - Undefined Weak Reference
    _init_alloc                               - Undefined Weak Reference
    _init_user_alloc                          - Undefined Weak Reference
    _initio                                   - Undefined Weak Reference
    _printf_mbtowc                            - Undefined Weak Reference
    _printf_post_padding                      - Undefined Weak Reference
    _printf_pre_padding                       - Undefined Weak Reference
    _printf_truncate_signed                   - Undefined Weak Reference
    _printf_truncate_unsigned                 - Undefined Weak Reference
    _rand_init                                - Undefined Weak Reference
    _signal_finish                            - Undefined Weak Reference
    _signal_init                              - Undefined Weak Reference
    _terminate_alloc                          - Undefined Weak Reference
    _terminate_user_alloc                     - Undefined Weak Reference
    _terminateio                              - Undefined Weak Reference
    __Vectors_End                            0x000000c0   Data           0  startup_mkl25z4.o(RESET)
    __Vectors_Size                           0x000000c0   Number         0  startup_mkl25z4.o ABSOLUTE
    __main                                   0x000000c1   Thumb Code     8  __main.o(!!!main)
    __scatterload                            0x000000c9   Thumb Code     0  __scatter.o(!!!scatter)
    __scatterload_rt2                        0x000000c9   Thumb Code    52  __scatter.o(!!!scatter)
    __scatterload_rt2_thumb_only             0x000000c9   Thumb Code     0  __scatter.o(!!!scatter)
    __scatterload_null                       0x000000d9   Thumb Code     0  __scatter.o(!!!scatter)
    __scatterload_copy                       0x00000105   Thumb Code    26  __scatter_copy.o(!!handler_copy)
    __scatterload_zeroinit                   0x00000121   Thumb Code    28  __scatter_zi.o(!!handler_zi)
    _printf_percent                          0x0000013d   Thumb Code     0  _printf_percent.o(.ARM.Collect$$_printf_percent$$00000000)
    _printf_d                                0x0000013f   Thumb Code     0  _printf_d.o(.ARM.Collect$$_printf_percent$$00000009)
    _printf_c                                0x00000149   Thumb Code     0  _printf_c.o(.ARM.Collect$$_printf_percent$$00000013)
    _printf_percent_end                      0x00000153   Thumb Code     0  _printf_percent_end.o(.ARM.Collect$$_printf_percent$$00000017)
    __rt_lib_init                            0x00000157   Thumb Code     0  libinit.o(.ARM.Collect$$libinit$$00000000)
    __rt_lib_init_alloca_1                   0x00000159   Thumb Code     0  libinit2.o(.ARM.Collect$$libinit$$0000002E)
    __rt_lib_init_argv_1                     0x00000159   Thumb Code     0  libinit2.o(.ARM.Collect$$libinit$$0000002C)
    __rt_lib_init_atexit_1                   0x00000159   Thumb Code     0  libinit2.o(.ARM.Collect$$libinit$$0000001B)
    __rt_lib_init_clock_1                    0x00000159   Thumb Code     0  libinit2.o(.ARM.Collect$$libinit$$00000021)
    __rt_lib_init_cpp_1                      0x00000159   Thumb Code     0  libinit2.o(.ARM.Collect$$libinit$$00000032)
    __rt_lib_init_exceptions_1               0x00000159   Thumb Code     0  libinit2.o(.ARM.Collect$$libinit$$00000030)
    __rt_lib_init_fp_1                       0x00000159   Thumb Code     0  libinit2.o(.ARM.Collect$$libinit$$00000002)
    __rt_lib_init_fp_trap_1                  0x00000159   Thumb Code     0  libinit2.o(.ARM.Collect$$libinit$$0000001F)
    __rt_lib_init_getenv_1                   0x00000159   Thumb Code     0  libinit2.o(.ARM.Collect$$libinit$$00000023)
    __rt_lib_init_heap_1                     0x00000159   Thumb Code     0  libinit2.o(.ARM.Collect$$libinit$$0000000A)
    __rt_lib_init_lc_collate_1               0x00000159   Thumb Code     0  libinit2.o(.ARM.Collect$$libinit$$00000011)
    __rt_lib_init_lc_ctype_1                 0x00000159   Thumb Code     0  libinit2.o(.ARM.Collect$$libinit$$00000013)
    __rt_lib_init_lc_monetary_1              0x00000159   Thumb Code     0  libinit2.o(.ARM.Collect$$libinit$$00000015)
    __rt_lib_init_lc_numeric_1               0x00000159   Thumb Code     0  libinit2.o(.ARM.Collect$$libinit$$00000017)
    __rt_lib_init_lc_time_1                  0x00000159   Thumb Code     0  libinit2.o(.ARM.Collect$$libinit$$00000019)
    __rt_lib_init_preinit_1                  0x00000159   Thumb Code     0  libinit2.o(.ARM.Collect$$libinit$$00000004)
    __rt_lib_init_rand_1                     0x00000159   Thumb Code     0  libinit2.o(.ARM.Collect$$libinit$$0000000E)
    __rt_lib_init_return                     0x00000159   Thumb Code     0  libinit2.o(.ARM.Collect$$libinit$$00000033)
    __rt_lib_init_signal_1                   0x00000159   Thumb Code     0  libinit2.o(.ARM.Collect$$libinit$$0000001D)
    __rt_lib_init_stdio_1                    0x00000159   Thumb Code     0  libinit2.o(.ARM.Collect$$libinit$$00000025)
    __rt_lib_init_user_alloc_1               0x00000159   Thumb Code     0  libinit2.o(.ARM.Collect$$libinit$$0000000C)
    __rt_lib_shutdown                        0x0000015b   Thumb Code     0  libshutdown.o(.ARM.Collect$$libshutdown$$00000000)
    __rt_lib_shutdown_cpp_1                  0x0000015d   Thumb Code     0  libshutdown2.o(.ARM.Collect$$libshutdown$$00000002)
    __rt_lib_shutdown_fp_trap_1              0x0000015d   Thumb Code     0  libshutdown2.o(.ARM.Collect$$libshutdown$$00000007)
    __rt_lib_shutdown_heap_1                 0x0000015d   Thumb Code     0  libshutdown2.o(.ARM.Collect$$libshutdown$$0000000F)
    __rt_lib_shutdown_return                 0x0000015d   Thumb Code     0  libshutdown2.o(.ARM.Collect$$libshutdown$$00000010)
    __rt_lib_shutdown_signal_1               0x0000015d   Thumb Code     0  libshutdown2.o(.ARM.Collect$$libshutdown$$0000000A)
    __rt_lib_shutdown_stdio_1                0x0000015d   Thumb Code     0  libshutdown2.o(.ARM.Collect$$libshutdown$$00000004)
    __rt_lib_shutdown_user_alloc_1           0x0000015d   Thumb Code     0  libshutdown2.o(.ARM.Collect$$libshutdown$$0000000C)
    __rt_entry                               0x0000015f   Thumb Code     0  __rtentry.o(.ARM.Collect$$rtentry$$00000000)
    __rt_entry_presh_1                       0x0000015f   Thumb Code     0  __rtentry2.o(.ARM.Collect$$rtentry$$00000002)
    __rt_entry_sh                            0x0000015f   Thumb Code     0  __rtentry4.o(.ARM.Collect$$rtentry$$00000004)
    __rt_entry_li                            0x00000165   Thumb Code     0  __rtentry2.o(.ARM.Collect$$rtentry$$0000000A)
    __rt_entry_postsh_1                      0x00000165   Thumb Code     0  __rtentry2.o(.ARM.Collect$$rtentry$$00000009)
    __rt_entry_main                          0x00000169   Thumb Code     0  __rtentry2.o(.ARM.Collect$$rtentry$$0000000D)
    __rt_entry_postli_1                      0x00000169   Thumb Code     0  __rtentry2.o(.ARM.Collect$$rtentry$$0000000C)
    __rt_exit                                0x00000171   Thumb Code     0  rtexit.o(.ARM.Collect$$rtexit$$00000000)
    __rt_exit_ls                             0x00000173   Thumb Code     0  rtexit2.o(.ARM.Collect$$rtexit$$00000003)
    __rt_exit_prels_1                        0x00000173   Thumb Code     0  rtexit2.o(.ARM.Collect$$rtexit$$00000002)
    __rt_exit_exit                           0x00000177   Thumb Code     0  rtexit2.o(.ARM.Collect$$rtexit$$00000004)
    Reset_Handler                            0x0000017d   Thumb Code    12  startup_mkl25z4.o(.text)
    NMI_Handler                              0x00000189   Thumb Code     2  startup_mkl25z4.o(.text)
    HardFault_Handler                        0x0000018b   Thumb Code     2  startup_mkl25z4.o(.text)
    SVC_Handler                              0x0000018d   Thumb Code     2  startup_mkl25z4.o(.text)
    PendSV_Handler                           0x0000018f   Thumb Code     2  startup_mkl25z4.o(.text)
    ADC0_IRQHandler                          0x00000193   Thumb Code     0  startup_mkl25z4.o(.text)
    CMP0_IRQHandler                          0x00000193   Thumb Code     0  startup_mkl25z4.o(.text)
    DAC0_IRQHandler                          0x00000193   Thumb Code     0  startup_mkl25z4.o(.text)
    DMA0_IRQHandler                          0x00000193   Thumb Code     0  startup_mkl25z4.o(.text)
    DMA1_IRQHandler                          0x00000193   Thumb Code     0  startup_mkl25z4.o(.text)
    DMA2_IRQHandler                          0x00000193   Thumb Code     0  startup_mkl25z4.o(.text)
    DMA3_IRQHandler                          0x00000193   Thumb Code     0  startup_mkl25z4.o(.text)
    DefaultISR                               0x00000193   Thumb Code     0  startup_mkl25z4.o(.text)
    FTFA_IRQHandler                          0x00000193   Thumb Code     0  startup_mkl25z4.o(.text)
    I2C0_IRQHandler                          0x00000193   Thumb Code     0  startup_mkl25z4.o(.text)
    I2C1_IRQHandler                          0x00000193   Thumb Code     0  startup_mkl25z4.o(.text)
    LLWU_IRQHandler                          0x00000193   Thumb Code     0  startup_mkl25z4.o(.text)
    LPTMR0_IRQHandler                        0x00000193   Thumb Code     0  startup_mkl25z4.o(.text)
    LVD_LVW_IRQHandler                       0x00000193   Thumb Code     0  startup_mkl25z4.o(.text)
    MCG_IRQHandler                           0x00000193   Thumb Code     0  startup_mkl25z4.o(.text)
    PIT_IRQHandler                           0x00000193   Thumb Code     0  startup_mkl25z4.o(.text)
    PORTA_IRQHandler                         0x00000193   Thumb Code     0  startup_mkl25z4.o(.text)
    PORTD_IRQHandler                         0x00000193   Thumb Code     0  startup_mkl25z4.o(.text)
    RTC_IRQHandler                           0x00000193   Thumb Code     0  startup_mkl25z4.o(.text)
    RTC_Seconds_IRQHandler                   0x00000193   Thumb Code     0  startup_mkl25z4.o(.text)
    Reserved20_IRQHandler                    0x00000193   Thumb Code     0  startup_mkl25z4.o(.text)
    Reserved39_IRQHandler                    0x00000193   Thumb Code     0  startup_mkl25z4.o(.text)
    Reserved45_IRQHandler                    0x00000193   Thumb Code     0  startup_mkl25z4.o(.text)
    SPI0_IRQHandler                          0x00000193   Thumb Code     0  startup_mkl25z4.o(.text)
    SPI1_IRQHandler                          0x00000193   Thumb Code     0  startup_mkl25z4.o(.text)
    TPM0_IRQHandler                          0x00000193   Thumb Code     0  startup_mkl25z4.o(.text)
    TPM1_IRQHandler                          0x00000193   Thumb Code     0  startup_mkl25z4.o(.text)
    TSI0_IRQHandler                          0x00000193   Thumb Code     0  startup_mkl25z4.o(.text)
    UART1_IRQHandler                         0x00000193   Thumb Code     0  startup_mkl25z4.o(.text)
    UART2_IRQHandler                         0x00000193   Thumb Code     0  startup_mkl25z4.o(.text)
    USB0_IRQHandler                          0x00000193   Thumb Code     0  startup_mkl25z4.o(.text)
    __user_initial_stackheap                 0x00000199   Thumb Code     0  startup_mkl25z4.o(.text)
    __2sprintf                               0x000001bd   Thumb Code    36  noretval__2sprintf.o(.text)
    __printf                                 0x000001e5   Thumb Code   108  __printf.o(.text)
    _printf_str                              0x00000251   Thumb Code    82  _printf_str.o(.text)
    _printf_int_dec                          0x000002a5   Thumb Code    90  _printf_dec.o(.text)
    _memset_w                                0x00000311   Thumb Code    26  rt_memclr.o(.text)
    _memset                                  0x0000032b   Thumb Code    30  rt_memclr.o(.text)
    __aeabi_memclr                           0x00000349   Thumb Code     4  rt_memclr.o(.text)
    __rt_memclr                              0x00000349   Thumb Code     0  rt_memclr.o(.text)
    __aeabi_memclr4                          0x0000034d   Thumb Code     0  rt_memclr.o(.text)
    __aeabi_memclr8                          0x0000034d   Thumb Code     0  rt_memclr.o(.text)
    __rt_memclr_w                            0x0000034d   Thumb Code     4  rt_memclr.o(.text)
    __use_two_region_memory                  0x00000351   Thumb Code     2  heapauxi.o(.text)
    __rt_heap_escrow$2region                 0x00000353   Thumb Code     2  heapauxi.o(.text)
    __rt_heap_expand$2region                 0x00000355   Thumb Code     2  heapauxi.o(.text)
    _printf_char_common                      0x00000363   Thumb Code    32  _printf_char_common.o(.text)
    _sputc                                   0x00000389   Thumb Code    10  _sputc.o(.text)
    _printf_cs_common                        0x00000393   Thumb Code    22  _printf_char.o(.text)
    _printf_char                             0x000003a9   Thumb Code    16  _printf_char.o(.text)
    _printf_string                           0x000003b9   Thumb Code     8  _printf_char.o(.text)
    __rt_udiv10                              0x000003c1   Thumb Code    40  rtudiv10.o(.text)
    exit                                     0x000003e9   Thumb Code    16  exit.o(.text)
    __user_libspace                          0x000003f9   Thumb Code     8  libspace.o(.text)
    __user_perproc_libspace                  0x000003f9   Thumb Code     0  libspace.o(.text)
    __user_perthread_libspace                0x000003f9   Thumb Code     0  libspace.o(.text)
    __aeabi_uidiv                            0x00000411   Thumb Code     0  aeabi_sdiv.o(.text)
    __aeabi_uidivmod                         0x00000411   Thumb Code    20  aeabi_sdiv.o(.text)
    __aeabi_idiv                             0x00000425   Thumb Code     0  aeabi_sdiv.o(.text)
    __aeabi_idivmod                          0x00000425   Thumb Code   326  aeabi_sdiv.o(.text)
    _printf_int_common                       0x0000056b   Thumb Code   176  _printf_intcommon.o(.text)
    __user_setup_stackheap                   0x0000061b   Thumb Code    62  sys_stackheap_outer.o(.text)
    _sys_exit                                0x00000659   Thumb Code     8  sys_exit.o(.text)
    __I$use$semihosting                      0x00000665   Thumb Code     0  use_no_semi.o(.text)
    __use_no_semihosting_swi                 0x00000665   Thumb Code     2  use_no_semi.o(.text)
    __semihosting_library_function           0x00000667   Thumb Code     0  indicate_semi.o(.text)
    Hallsense                                0x00000669   Thumb Code    94  main.o(i.Hallsense)
    Q_Dequeue                                0x000006e5   Thumb Code    76  queue.o(i.Q_Dequeue)
    Q_Empty                                  0x00000731   Thumb Code    16  queue.o(i.Q_Empty)
    Q_Enqueue                                0x00000741   Thumb Code    68  queue.o(i.Q_Enqueue)
    Q_Full                                   0x00000785   Thumb Code    20  queue.o(i.Q_Full)
    Q_Init                                   0x00000799   Thumb Code    28  queue.o(i.Q_Init)
    Q_Size                                   0x000007b5   Thumb Code     6  queue.o(i.Q_Size)
    Send_String                              0x000007bd   Thumb Code    70  main.o(i.Send_String)
    SysTick_Handler                          0x0000080d   Thumb Code    72  main.o(i.SysTick_Handler)
    SystemInit                               0x00000869   Thumb Code     8  system_mkl25z4.o(i.SystemInit)
    TPM2_IRQHandler                          0x00000875   Thumb Code    20  main.o(i.TPM2_IRQHandler)
    UART0_IRQHandler                         0x0000088d   Thumb Code   126  main.o(i.UART0_IRQHandler)
    __ARM_common_switch8                     0x0000091d   Thumb Code    28  pwm.o(i.__ARM_common_switch8)
    doTxRx_task                              0x00000a29   Thumb Code    94  main.o(i.doTxRx_task)
    init_UART0                               0x00000aa5   Thumb Code   178  uart.o(i.init_UART0)
    init_lcd                                 0x00000b6d   Thumb Code    16  lcddisp.o(i.init_lcd)
    init_tpm                                 0x00000b7d   Thumb Code   154  pwm.o(i.init_tpm)
    initialize                               0x00000c2d   Thumb Code    64  main.o(i.initialize)
    lcd_clear                                0x00000c81   Thumb Code    16  lcddisp.o(i.lcd_clear)
    lcd_display                              0x00000c91   Thumb Code    22  lcddisp.o(i.lcd_display)
    lcd_goto                                 0x00000ca7   Thumb Code    36  lcddisp.o(i.lcd_goto)
    lcd_init                                 0x00000ccb   Thumb Code    22  lcddisp.o(i.lcd_init)
    lcd_initialize                           0x00000ce1   Thumb Code   104  lcddisp.o(i.lcd_initialize)
    lcd_write_data                           0x00000d49   Thumb Code   146  lcddisp.o(i.lcd_write_data)
    lcd_write_instruc                        0x00000ddb   Thumb Code   146  lcddisp.o(i.lcd_write_instruc)
    lcd_write_string                         0x00000e6d   Thumb Code    22  lcddisp.o(i.lcd_write_string)
    main                                     0x00000e85   Thumb Code    40  main.o(i.main)
    motor_ctrl                               0x00000edd   Thumb Code   214  main.o(i.motor_ctrl)
    pinset                                   0x00000fcd   Thumb Code    26  pinset.o(i.pinset)
    pinstart                                 0x00000fe9   Thumb Code   428  pinset.o(i.pinstart)
    pinstate                                 0x000011b1   Thumb Code   230  pinset.o(i.pinstate)
    portenable                               0x000012a1   Thumb Code   106  pinset.o(i.portenable)
    print_bits                               0x00001311   Thumb Code    40  lcddisp.o(i.print_bits)
    Region$$Table$$Base                      0x00001488   Number         0  anon$$obj.o(Region$$Table)
    Region$$Table$$Limit                     0x000014a8   Number         0  anon$$obj.o(Region$$Table)
    rxChar                                   0x1ffff000   Data           1  main.o(.data)
    speed                                    0x1ffff004   Data           4  main.o(.data)
    micro                                    0x1ffff008   Data           4  main.o(.data)
    millis                                   0x1ffff00c   Data           4  main.o(.data)
    millis_end                               0x1ffff010   Data           4  main.o(.data)
    start                                    0x1ffff014   Data           4  main.o(.data)
    time_passed                              0x1ffff018   Data           4  main.o(.data)
    rpm_val                                  0x1ffff01c   Data           4  main.o(.data)
    hall_thresh                              0x1ffff020   Data           4  main.o(.data)
    hall_count                               0x1ffff024   Data           4  main.o(.data)
    current_speed                            0x1ffff028   Data           4  main.o(.data)
    buff                                     0x1ffff02c   Data          30  main.o(.data)
    value                                    0x1ffff04a   Data          30  main.o(.data)
    TxQ                                      0x1ffff070   Data         268  main.o(.bss)
    RxQ                                      0x1ffff17c   Data         268  main.o(.bss)
    __libspace_start                         0x1ffff288   Data          96  libspace.o(.bss)
    __temporary_stack_top$libspace           0x1ffff2e8   Data           0  libspace.o(.bss)



==============================================================================

Memory Map of the image

  Image Entry point : 0x0000017d

  Load Region LR_1 (Base: 0x00000000, Size: 0x00001518, Max: 0xffffffff, ABSOLUTE)

    Execution Region ER_RO (Exec base: 0x00000000, Load base: 0x00000000, Size: 0x000014a8, Max: 0xffffffff, ABSOLUTE)

    Exec Addr    Load Addr    Size         Type   Attr      Idx    E Section Name        Object

    0x00000000   0x00000000   0x000000c0   Data   RO          394    RESET               startup_mkl25z4.o
    0x000000c0   0x000000c0   0x00000008   Code   RO          477  * !!!main             c_p.l(__main.o)
    0x000000c8   0x000000c8   0x0000003c   Code   RO          659    !!!scatter          c_p.l(__scatter.o)
    0x00000104   0x00000104   0x0000001a   Code   RO          661    !!handler_copy      c_p.l(__scatter_copy.o)
    0x0000011e   0x0000011e   0x00000002   PAD
    0x00000120   0x00000120   0x0000001c   Code   RO          663    !!handler_zi        c_p.l(__scatter_zi.o)
    0x0000013c   0x0000013c   0x00000002   Code   RO          468    .ARM.Collect$$_printf_percent$$00000000  c_p.l(_printf_percent.o)
    0x0000013e   0x0000013e   0x0000000a   Code   RO          467    .ARM.Collect$$_printf_percent$$00000009  c_p.l(_printf_d.o)
    0x00000148   0x00000148   0x0000000a   Code   RO          466    .ARM.Collect$$_printf_percent$$00000013  c_p.l(_printf_c.o)
    0x00000152   0x00000152   0x00000004   Code   RO          492    .ARM.Collect$$_printf_percent$$00000017  c_p.l(_printf_percent_end.o)
    0x00000156   0x00000156   0x00000002   Code   RO          528    .ARM.Collect$$libinit$$00000000  c_p.l(libinit.o)
    0x00000158   0x00000158   0x00000000   Code   RO          542    .ARM.Collect$$libinit$$00000002  c_p.l(libinit2.o)
    0x00000158   0x00000158   0x00000000   Code   RO          544    .ARM.Collect$$libinit$$00000004  c_p.l(libinit2.o)
    0x00000158   0x00000158   0x00000000   Code   RO          547    .ARM.Collect$$libinit$$0000000A  c_p.l(libinit2.o)
    0x00000158   0x00000158   0x00000000   Code   RO          549    .ARM.Collect$$libinit$$0000000C  c_p.l(libinit2.o)
    0x00000158   0x00000158   0x00000000   Code   RO          551    .ARM.Collect$$libinit$$0000000E  c_p.l(libinit2.o)
    0x00000158   0x00000158   0x00000000   Code   RO          554    .ARM.Collect$$libinit$$00000011  c_p.l(libinit2.o)
    0x00000158   0x00000158   0x00000000   Code   RO          556    .ARM.Collect$$libinit$$00000013  c_p.l(libinit2.o)
    0x00000158   0x00000158   0x00000000   Code   RO          558    .ARM.Collect$$libinit$$00000015  c_p.l(libinit2.o)
    0x00000158   0x00000158   0x00000000   Code   RO          560    .ARM.Collect$$libinit$$00000017  c_p.l(libinit2.o)
    0x00000158   0x00000158   0x00000000   Code   RO          562    .ARM.Collect$$libinit$$00000019  c_p.l(libinit2.o)
    0x00000158   0x00000158   0x00000000   Code   RO          564    .ARM.Collect$$libinit$$0000001B  c_p.l(libinit2.o)
    0x00000158   0x00000158   0x00000000   Code   RO          566    .ARM.Collect$$libinit$$0000001D  c_p.l(libinit2.o)
    0x00000158   0x00000158   0x00000000   Code   RO          568    .ARM.Collect$$libinit$$0000001F  c_p.l(libinit2.o)
    0x00000158   0x00000158   0x00000000   Code   RO          570    .ARM.Collect$$libinit$$00000021  c_p.l(libinit2.o)
    0x00000158   0x00000158   0x00000000   Code   RO          572    .ARM.Collect$$libinit$$00000023  c_p.l(libinit2.o)
    0x00000158   0x00000158   0x00000000   Code   RO          574    .ARM.Collect$$libinit$$00000025  c_p.l(libinit2.o)
    0x00000158   0x00000158   0x00000000   Code   RO          578    .ARM.Collect$$libinit$$0000002C  c_p.l(libinit2.o)
    0x00000158   0x00000158   0x00000000   Code   RO          580    .ARM.Collect$$libinit$$0000002E  c_p.l(libinit2.o)
    0x00000158   0x00000158   0x00000000   Code   RO          582    .ARM.Collect$$libinit$$00000030  c_p.l(libinit2.o)
    0x00000158   0x00000158   0x00000000   Code   RO          584    .ARM.Collect$$libinit$$00000032  c_p.l(libinit2.o)
    0x00000158   0x00000158   0x00000002   Code   RO          585    .ARM.Collect$$libinit$$00000033  c_p.l(libinit2.o)
    0x0000015a   0x0000015a   0x00000002   Code   RO          616    .ARM.Collect$$libshutdown$$00000000  c_p.l(libshutdown.o)
    0x0000015c   0x0000015c   0x00000000   Code   RO          642    .ARM.Collect$$libshutdown$$00000002  c_p.l(libshutdown2.o)
    0x0000015c   0x0000015c   0x00000000   Code   RO          644    .ARM.Collect$$libshutdown$$00000004  c_p.l(libshutdown2.o)
    0x0000015c   0x0000015c   0x00000000   Code   RO          647    .ARM.Collect$$libshutdown$$00000007  c_p.l(libshutdown2.o)
    0x0000015c   0x0000015c   0x00000000   Code   RO          650    .ARM.Collect$$libshutdown$$0000000A  c_p.l(libshutdown2.o)
    0x0000015c   0x0000015c   0x00000000   Code   RO          652    .ARM.Collect$$libshutdown$$0000000C  c_p.l(libshutdown2.o)
    0x0000015c   0x0000015c   0x00000000   Code   RO          655    .ARM.Collect$$libshutdown$$0000000F  c_p.l(libshutdown2.o)
    0x0000015c   0x0000015c   0x00000002   Code   RO          656    .ARM.Collect$$libshutdown$$00000010  c_p.l(libshutdown2.o)
    0x0000015e   0x0000015e   0x00000000   Code   RO          479    .ARM.Collect$$rtentry$$00000000  c_p.l(__rtentry.o)
    0x0000015e   0x0000015e   0x00000000   Code   RO          496    .ARM.Collect$$rtentry$$00000002  c_p.l(__rtentry2.o)
    0x0000015e   0x0000015e   0x00000006   Code   RO          508    .ARM.Collect$$rtentry$$00000004  c_p.l(__rtentry4.o)
    0x00000164   0x00000164   0x00000000   Code   RO          498    .ARM.Collect$$rtentry$$00000009  c_p.l(__rtentry2.o)
    0x00000164   0x00000164   0x00000004   Code   RO          499    .ARM.Collect$$rtentry$$0000000A  c_p.l(__rtentry2.o)
    0x00000168   0x00000168   0x00000000   Code   RO          501    .ARM.Collect$$rtentry$$0000000C  c_p.l(__rtentry2.o)
    0x00000168   0x00000168   0x00000008   Code   RO          502    .ARM.Collect$$rtentry$$0000000D  c_p.l(__rtentry2.o)
    0x00000170   0x00000170   0x00000002   Code   RO          533    .ARM.Collect$$rtexit$$00000000  c_p.l(rtexit.o)
    0x00000172   0x00000172   0x00000000   Code   RO          589    .ARM.Collect$$rtexit$$00000002  c_p.l(rtexit2.o)
    0x00000172   0x00000172   0x00000004   Code   RO          590    .ARM.Collect$$rtexit$$00000003  c_p.l(rtexit2.o)
    0x00000176   0x00000176   0x00000006   Code   RO          591    .ARM.Collect$$rtexit$$00000004  c_p.l(rtexit2.o)
    0x0000017c   0x0000017c   0x00000040   Code   RO          396  * .text               startup_mkl25z4.o
    0x000001bc   0x000001bc   0x00000028   Code   RO          438    .text               c_p.l(noretval__2sprintf.o)
    0x000001e4   0x000001e4   0x0000006c   Code   RO          440    .text               c_p.l(__printf.o)
    0x00000250   0x00000250   0x00000052   Code   RO          442    .text               c_p.l(_printf_str.o)
    0x000002a2   0x000002a2   0x00000002   PAD
    0x000002a4   0x000002a4   0x0000006c   Code   RO          444    .text               c_p.l(_printf_dec.o)
    0x00000310   0x00000310   0x00000040   Code   RO          469    .text               c_p.l(rt_memclr.o)
    0x00000350   0x00000350   0x00000006   Code   RO          475    .text               c_p.l(heapauxi.o)
    0x00000356   0x00000356   0x00000002   PAD
    0x00000358   0x00000358   0x00000030   Code   RO          486    .text               c_p.l(_printf_char_common.o)
    0x00000388   0x00000388   0x0000000a   Code   RO          488    .text               c_p.l(_sputc.o)
    0x00000392   0x00000392   0x0000002e   Code   RO          490    .text               c_p.l(_printf_char.o)
    0x000003c0   0x000003c0   0x00000028   Code   RO          493    .text               c_p.l(rtudiv10.o)
    0x000003e8   0x000003e8   0x00000010   Code   RO          517    .text               c_p.l(exit.o)
    0x000003f8   0x000003f8   0x00000008   Code   RO          529    .text               c_p.l(libspace.o)
    0x00000400   0x00000400   0x00000010   Code   RO          395    .ARM.__at_0x400     startup_mkl25z4.o
    0x00000410   0x00000410   0x0000015a   Code   RO          471    .text               c_p.l(aeabi_sdiv.o)
    0x0000056a   0x0000056a   0x000000b0   Code   RO          484    .text               c_p.l(_printf_intcommon.o)
    0x0000061a   0x0000061a   0x0000003e   Code   RO          514    .text               c_p.l(sys_stackheap_outer.o)
    0x00000658   0x00000658   0x0000000c   Code   RO          586    .text               c_p.l(sys_exit.o)
    0x00000664   0x00000664   0x00000002   Code   RO          605    .text               c_p.l(use_no_semi.o)
    0x00000666   0x00000666   0x00000000   Code   RO          607    .text               c_p.l(indicate_semi.o)
    0x00000666   0x00000666   0x00000002   PAD
    0x00000668   0x00000668   0x0000007c   Code   RO            3    i.Hallsense         main.o
    0x000006e4   0x000006e4   0x0000004c   Code   RO          250    i.Q_Dequeue         queue.o
    0x00000730   0x00000730   0x00000010   Code   RO          251    i.Q_Empty           queue.o
    0x00000740   0x00000740   0x00000044   Code   RO          252    i.Q_Enqueue         queue.o
    0x00000784   0x00000784   0x00000014   Code   RO          253    i.Q_Full            queue.o
    0x00000798   0x00000798   0x0000001c   Code   RO          254    i.Q_Init            queue.o
    0x000007b4   0x000007b4   0x00000006   Code   RO          255    i.Q_Size            queue.o
    0x000007ba   0x000007ba   0x00000002   PAD
    0x000007bc   0x000007bc   0x00000050   Code   RO            4    i.Send_String       main.o
    0x0000080c   0x0000080c   0x0000005c   Code   RO            5    i.SysTick_Handler   main.o
    0x00000868   0x00000868   0x0000000c   Code   RO          405    i.SystemInit        system_mkl25z4.o
    0x00000874   0x00000874   0x00000018   Code   RO            6    i.TPM2_IRQHandler   main.o
    0x0000088c   0x0000088c   0x00000090   Code   RO            7    i.UART0_IRQHandler  main.o
    0x0000091c   0x0000091c   0x0000001c   Code   RO          159    i.__ARM_common_switch8  pwm.o
    0x00000938   0x00000938   0x00000078   Code   RO          134    i.__NVIC_SetPriority  pwm.o
    0x000009b0   0x000009b0   0x00000078   Code   RO          169    i.__NVIC_SetPriority  uart.o
    0x00000a28   0x00000a28   0x0000007c   Code   RO            8    i.doTxRx_task       main.o
    0x00000aa4   0x00000aa4   0x000000c8   Code   RO          170    i.init_UART0        uart.o
    0x00000b6c   0x00000b6c   0x00000010   Code   RO          320    i.init_lcd          lcddisp.o
    0x00000b7c   0x00000b7c   0x000000b0   Code   RO          135    i.init_tpm          pwm.o
    0x00000c2c   0x00000c2c   0x00000054   Code   RO            9    i.initialize        main.o
    0x00000c80   0x00000c80   0x00000010   Code   RO          321    i.lcd_clear         lcddisp.o
    0x00000c90   0x00000c90   0x00000016   Code   RO          322    i.lcd_display       lcddisp.o
    0x00000ca6   0x00000ca6   0x00000024   Code   RO          323    i.lcd_goto          lcddisp.o
    0x00000cca   0x00000cca   0x00000016   Code   RO          324    i.lcd_init          lcddisp.o
    0x00000ce0   0x00000ce0   0x00000068   Code   RO          325    i.lcd_initialize    lcddisp.o
    0x00000d48   0x00000d48   0x00000092   Code   RO          326    i.lcd_write_data    lcddisp.o
    0x00000dda   0x00000dda   0x00000092   Code   RO          327    i.lcd_write_instruc  lcddisp.o
    0x00000e6c   0x00000e6c   0x00000016   Code   RO          328    i.lcd_write_string  lcddisp.o
    0x00000e82   0x00000e82   0x00000002   PAD
    0x00000e84   0x00000e84   0x00000058   Code   RO           10    i.main              main.o
    0x00000edc   0x00000edc   0x000000f0   Code   RO           11    i.motor_ctrl        main.o
    0x00000fcc   0x00000fcc   0x0000001a   Code   RO          201    i.pinset            pinset.o
    0x00000fe6   0x00000fe6   0x00000002   PAD
    0x00000fe8   0x00000fe8   0x000001c8   Code   RO          202    i.pinstart          pinset.o
    0x000011b0   0x000011b0   0x000000f0   Code   RO          203    i.pinstate          pinset.o
    0x000012a0   0x000012a0   0x00000070   Code   RO          205    i.portenable        pinset.o
    0x00001310   0x00001310   0x00000028   Code   RO          329    i.print_bits        lcddisp.o
    0x00001338   0x00001338   0x00000150   Code   RO          136    i.tpmpin            pwm.o
    0x00001488   0x00001488   0x00000020   Data   RO          657    Region$$Table       anon$$obj.o


    Execution Region ER_RW (Exec base: 0x1ffff000, Load base: 0x000014a8, Size: 0x00000070, Max: 0xffffffff, ABSOLUTE)

    Exec Addr    Load Addr    Size         Type   Attr      Idx    E Section Name        Object

    0x1ffff000   0x000014a8   0x00000070   Data   RW           14    .data               main.o


    Execution Region ER_ZI (Exec base: 0x1ffff070, Load base: 0x00001518, Size: 0x00000378, Max: 0xffffffff, ABSOLUTE)

    Exec Addr    Load Addr    Size         Type   Attr      Idx    E Section Name        Object

    0x1ffff070        -       0x00000218   Zero   RW           13    .bss                main.o
    0x1ffff288        -       0x00000060   Zero   RW          530    .bss                c_p.l(libspace.o)
    0x1ffff2e8        -       0x00000000   Zero   RW          393    HEAP                startup_mkl25z4.o
    0x1ffff2e8        -       0x00000100   Zero   RW          392    STACK               startup_mkl25z4.o


==============================================================================

Image component sizes


      Code (inc. data)   RO Data    RW Data    ZI Data      Debug   Object Name

       570          0          0          0          0       5165   lcddisp.o
      1000        206          0        112        536     223074   main.o
       834         68          0          0          0       2380   pinset.o
       660         64          0          0          0       9859   pwm.o
       214          0          0          0          0       6377   queue.o
        80         44        192          0        256        940   startup_mkl25z4.o
        12          4          0          0          0        469   system_mkl25z4.o
       320         32          0          0          0     221113   uart.o

    ----------------------------------------------------------------------
      3696        418        224        112        792     469377   Object Totals
         0          0         32          0          0          0   (incl. Generated)
         6          0          0          0          0          0   (incl. Padding)

    ----------------------------------------------------------------------

      Code (inc. data)   RO Data    RW Data    ZI Data      Debug   Library Member Name

         8          0          0          0          0         68   __main.o
       108          0          0          0          0         76   __printf.o
         0          0          0          0          0          0   __rtentry.o
        12          0          0          0          0          0   __rtentry2.o
         6          0          0          0          0          0   __rtentry4.o
        60          8          0          0          0          0   __scatter.o
        26          0          0          0          0          0   __scatter_copy.o
        28          0          0          0          0          0   __scatter_zi.o
        10          0          0          0          0          0   _printf_c.o
        46          0          0          0          0        100   _printf_char.o
        48          6          0          0          0         88   _printf_char_common.o
        10          0          0          0          0          0   _printf_d.o
       108         18          0          0          0         76   _printf_dec.o
       176          0          0          0          0         84   _printf_intcommon.o
         2          0          0          0          0          0   _printf_percent.o
         4          0          0          0          0          0   _printf_percent_end.o
        82          0          0          0          0         72   _printf_str.o
        10          0          0          0          0         60   _sputc.o
       346          0          0          0          0         92   aeabi_sdiv.o
        16          0          0          0          0         68   exit.o
         6          0          0          0          0        136   heapauxi.o
         0          0          0          0          0          0   indicate_semi.o
         2          0          0          0          0          0   libinit.o
         2          0          0          0          0          0   libinit2.o
         2          0          0          0          0          0   libshutdown.o
         2          0          0          0          0          0   libshutdown2.o
         8          4          0          0         96         68   libspace.o
        40          4          0          0          0         84   noretval__2sprintf.o
        64          0          0          0          0        108   rt_memclr.o
         2          0          0          0          0          0   rtexit.o
        10          0          0          0          0          0   rtexit2.o
        40          0          0          0          0         60   rtudiv10.o
        12          4          0          0          0         60   sys_exit.o
        62          0          0          0          0         80   sys_stackheap_outer.o
         2          0          0          0          0         68   use_no_semi.o

    ----------------------------------------------------------------------
      1368         44          0          0         96       1448   Library Totals
         8          0          0          0          0          0   (incl. Padding)

    ----------------------------------------------------------------------

      Code (inc. data)   RO Data    RW Data    ZI Data      Debug   Library Name

      1360         44          0          0         96       1448   c_p.l

    ----------------------------------------------------------------------
      1368         44          0          0         96       1448   Library Totals

    ----------------------------------------------------------------------

==============================================================================


      Code (inc. data)   RO Data    RW Data    ZI Data      Debug   

      5064        462        224        112        888     468745   Grand Totals
      5064        462        224        112        888     468745   ELF Image Totals
      5064        462        224        112          0          0   ROM Totals

==============================================================================

    Total RO  Size (Code + RO Data)                 5288 (   5.16kB)
    Total RW  Size (RW Data + ZI Data)              1000 (   0.98kB)
    Total ROM Size (Code + RO Data + RW Data)       5400 (   5.27kB)

==============================================================================

